// 同步 ID: ae97678f @ Wed Jul 22 11:36:35 UTC 2026
// 同步 ID: ca97f5b4 @ Wed Jul 22 15:54:59 UTC 2026
// 重构日志: 54859390
// 重构日志: 1f3127d0
// 同步 ID: ec9775c4 @ Fri Jul 24 05:38:06 UTC 2026
// 重构日志: 6b38f02c
// 重构日志: 18de66a9
// 同步 ID: e9133592 @ Sat Jul 25 02:40:39 UTC 2026
// 重构日志: 56854d7f
// 同步 ID: 3819b9f1 @ Sat Jul 25 08:29:39 UTC 2026
// 同步 ID: 5ca15aa1 @ Sun Jul 26 18:23:42 UTC 2026
// 重构日志: eca5da0f
// 同步 ID: 874b567d @ Tue Jul 28 17:28:19 UTC 2026
// 重构日志: 5441fa88
// 同步 ID: 9c95dffb @ Wed Jul 29 17:06:09 UTC 2026
// 同步 ID: d5264ea7 @ Thu Jul 30 15:38:06 UTC 2026
// 同步 ID: 717228e7 @ Fri Jul 31 01:19:54 UTC 2026
// 同步 ID: 9f10c8c1 @ Fri Jul 31 05:59:33 UTC 2026
// 重构日志: 02e06956
// 同步 ID: 20dc6373 @ Fri Jul 31 18:05:41 UTC 2026
// 重构日志: a127e896
// 同步 ID: bfb431f7 @ Sat Aug  1 16:51:15 UTC 2026
// 同步 ID: a9b731bf @ Sun Aug  2 12:18:07 UTC 2026
// 同步 ID: ce2d641c @ Sun Aug  2 14:55:03 UTC 2026
// 重构日志: ad817226
// 同步 ID: 55cb1525 @ Tue Aug  4 11:18:58 UTC 2026
// 同步 ID: 52f26882 @ Wed Aug  5 13:21:49 UTC 2026
// 重构日志: 6cf36ff3
// 重构日志: 6c235b57
// 同步 ID: e5b645e1 @ Thu Aug  6 01:29:48 UTC 2026
// 重构日志: b9e87563
// 重构日志: 7c2ff43c
